a Karen	category=adjective	strength=mild	origin=ofcom
boomer	category=adjective	strength=mild	origin=ofcom
gammon	category=adjective	strength=mild	origin=ofcom
libtard	category=adjective	strength=mild	origin=ofcom
remoaner	category=adjective	strength=mild	origin=ofcom
snowflake	category=adjective	strength=mild	origin=ofcom
TERF	category=adjective	strength=mild	origin=ofcom
yoon	category=adjective	strength=mild	origin=ofcom
femi-nazi	category=adjective	strength=mild	origin=ofcom
feminazi	category=adjective	strength=mild	origin=ofcom
femi nazi	category=adjective	strength=mild	origin=ofcom
anal	category=adjective	type=sexual
anus	strength=mild	type=sexual
arse	strength=mild	type=sexual
arsing	category=adjective	strength=mild	type=sexual
ass	strength=mild	type=sexual
bitch ass	category=adjective	type=sexual
bitchass	category=adjective	type=sexual
blasted	category=adjective	strength=mild
bloody	strength=mild
blooming	category=adjective	strength=mild
bollocks	strength=medium	type=sexual
bollox	strength=medium	type=sexual
boner	type=sexual
boobies	type=sexist	origin=farrell
boobs	type=sexist	origin=farrell
boob	type=sexist
booner	type=racist	origin=farrell
boonga	type=racist	origin=farrell
boong	type=racist	origin=farrell
boonie	type=racist	origin=farrell
booobs	type=sexist	origin=farrell
boooobs	type=sexist	origin=farrell
booooobs	type=sexist	origin=farrell
booooooobs	type=sexist	origin=farrell
brain dead	category=adjective
braindead	category=adjective
bugger 	strength=mild
bullshit	strength=medium
bumblefuck	type=general
bum	strength=mild	type=sexual
butt	strength=mild
cock	strength=strong	type=sexual
cowardly	category=adjective
crappy	category=adjective	strength=mild
crap	strength=mild
cretinous	category=adjective
daft
damn	category=adjective	strength=mild
dick	type=sexual
dicks	type=sexual
dicksucking	category=adjective strength=strong	type=sexual
dirty
dozy	category=adjective	strength=mild
dumb	category=adjective
effing	category=adjective	strength=mild	origin=ofcom
fat
f*ckin	category=adjective
f*cking	category=adjective
fcuk
fcuken	category=adjective
fcuking	category=adjective
feck	strength=medium
fken	category=adjective
f**kin	category=adjective
f**king	category=adjective
fool
friggin	category=adjective
frigging	category=adjective
fuc*ing	category=adjective
fucked	category=adjective	strength=strong
fucked up	category=adjective	strength=strong
fucken	category=adjective
fuckin	category=adjective	strength=strong
fucking	category=adjective	strength=strong
fucks	strength=strong
f u c k	strength=strong
fuck	strength=strong
fuc**ng	category=adjective
fu**in	category=adjective
fu**ing	category=adjective
fu*kin	category=adjective
fu*king	category=adjective
goddam	category=adjective	strength=mild
gormless	category=adjective
go to hell
humping	category=adjective strength=medium
ignorant	category=adjective
minging	category=adjective	 strength=strong
moronic	category=adjective	type=reputation
motha fuckin	category=adjective
mothafuckin	category=adjective	 strength=strong
motha fucking	category=adjective
mothafucking	category=adjective	 strength=strong
mother fcken	category=adjective
motherfcken	category=adjective
mother fucken	category=adjective
motherfucken	category=adjective
mother fuckin	category=adjective
motherfuckin	category=adjective
motherfucking	category=adjective	 strength=strong
munging	category=adjective	 strength=strong
pathetic	category=adjective
penis	type=sexual
phriggin	category=adjective
phrigging	category=adjective
phucken	category=adjective
phuckin	category=adjective
phucking	category=adjective
po-faced	category=adjective
poxy	category=adjective
prick	type=sexual
pricks	type=sexual
puke
screwed	category=adjective	type=sexual
shag	strength=medium	type=sexual
sheister	origin=farrell
shite	strength=medium
shit	strength=medium
shittiest	category=adjective	strength=medium
shitting	category=adjective	strength=medium
shitty	category=adjective	strength=medium
shut up
silly
snowflake
stupid	category=adjective	type=reputation
tits	plural=true	type=sexist
tit	strength=medium	type=sexist
titties	type=sexist	origin=farrell
tittie	type=sexist	origin=farrell
titty	type=sexist	origin=farrell
ugly
