liar	type=reputation
liars	type=reputation
liar liar	type=reputation
spreading lies	type=reputation
telling lies	type=reputation
lying machine	type=reputation
giving them lies	type=reputation
pornstar	type=reputation
imbecile	type=reputation
liars go to hell	type=reputation
moron	type=reputation
retarded	type=reputation
buffoon	type=reputation
morons	type=reputation	plural=true
buffoons	type=reputation	plural=true
retard	type=reputation
retards	type=reputation	plural=true
psycho	type=reputation
psychos	type=reputation	plural=true
snowflake	type=reputation
idiot	type=reputation
idiots	type=reputation	plural=true
codswallop	type=reputation
mentally disturbed	type=reputation
joke of a journalist	type=reputation
your inept brain	type=reputation	pos=youphrase
halfwit	type=reputation
hypocrite	type=reputation
thief	type=reputation
scammer	type=reputation
cheating	type=reputation
scamming	type=reputation
you are a criminal	type=reputation	pos=youphrase
criminal	type=reputation
thieving	type=reputation	category=adjective
stealing	type=reputation	category=adjective
