анал	english=anal	category=adjective	type=sexist	original=sexual
анальный	english=anal	category=adjective	type=sexist	original=sexual
анус	english=anus	strength=mild	type=sexist	original=sexual
жопа	english=arse	strength=mild	type=sexist	original=sexual
заниматься ерундой	english=arsing	category=adjective	strength=mild	type=sexist	original=sexual
задница	english=ass	strength=mild	type=sexist	original=sexual
жопа	english=ass	strength=mild	type=sexist	original=sexual
тряпка	english=bitch ass	category=adjective	type=sexist	original=sexual
сука измученная	english=bitch ass	category=adjective	type=sexist	original=sexual
сучья жопа	english=bitchass	category=adjective	type=sexist	original=sexual
проклятый	english=blasted	category=adjective	strength=mild	type=general
чертова	english=bloody	strength=mild	type=general
проклятый	english=bloody	strength=mild	type=general
проклятое	english=blooming	category=adjective	strength=mild	type=general
чушь	english=bollocks	strength=medium	type=sexist	original=sexual
ерунда	english=bollocks	strength=medium	type=sexist	original=sexual
чушь	english=bollox	strength=medium	type=sexist	original=sexual
ерунда	english=bollox	strength=medium	type=sexist	original=sexual
стояк	english=boner	type=sexist	original=sexual
сисечки	english=boobies	type=sexist	origin=farrell
дойки	english=boobies	type=sexist	origin=farrell
бидоны	english=boobies	type=sexist	origin=farrell
титьки	english=boobies	type=sexist	origin=farrell
сиськи	english=boobies	type=sexist	origin=farrell
Грудь	english=boobs	type=sexist	origin=farrell
сисечки	english=boob	type=sexist
дойка	english=boob	type=sexist
бидон	english=boob	type=sexist
титька	english=boob	type=sexist
сиська	english=boob	type=sexist
стояк	english=booner	type=racist	origin=farrell
стояк	english=boonga	type=racist	origin=farrell
стояк	english=boong	type=racist	origin=farrell
стояк	english=boonie	type=racist	origin=farrell
стояк	english=booobs	type=sexist	origin=farrell
стояк	english=boooobs	type=sexist	origin=farrell
стояк	english=booooobs	type=sexist	origin=farrell
стояк	english=booooooobs	type=sexist	origin=farrell
тупой	english=brain dead	category=adjective	type=reputation
бестолковый	english=brain dead	category=adjective	type=reputation
остановка мозга	english=braindead	category=adjective	type=reputation
гомосексуалист	english=bugger 	strength=mild	type=general
гей	english=bugger 	strength=mild	type=general
гомосек	english=bugger 	strength=mild	type=general
хуйня	english=bullshit	strength=medium	type=general
ерунда	english=bullshit	strength=medium	type=general
чушь	english=bullshit	strength=medium	type=general
дыра	english=bumblefuck	type=general
бродяга	english=bum	strength=mild	type=sexist	original=sexual
бездомный	english=bum	strength=mild	type=sexist	original=sexual
бомж	english=bum	strength=mild	type=sexist	original=sexual
жопа	english=butt	strength=mild	type=sexist	original=sexual
задница	english=butt	strength=mild	type=sexist	original=sexual
член	english=cock	strength=strong	type=sexist	original=sexual
Хуй	english=cock	strength=strong	type=sexist	original=sexual
трусливый	english=cowardly	category=adjective	type=general
дерьмовые	english=crappy	category=adjective	strength=mild
дерьмовый	english=crappy	category=adjective	strength=mild
гадкий	english=crappy	category=adjective	strength=mild
гавно	english=crap	strength=mild	type=general
дерьмо	english=crap	strength=mild	type=general
кретинский	english=cretinous	category=adjective	type=reputation
идиотский	english=cretinous	category=adjective	type=reputation
глупый	english=daft	type=reputation
чертов	english=damn	category=adjective	strength=mild	type=general
проклятый	english=damn	category=adjective	strength=mild	type=general
член	english=dick	type=sexist	original=sexual
Хуй	english=dick	type=sexist	original=sexual
Хуй	english=dicks	type=sexist	original=sexual
сосание члена	english=dicksucking	category=adjective strength=strong	type=sexist	original=sexual
грязный	english=dirty	type=general
сонный	english=dozy	category=adjective	strength=mild	type=general
глупо	english=dumb	category=adjective	type=reputation
жир	english=fat	type=general
блять	english=goddam	category=adjective	strength=mild	type=general
жалким недотёпой	english=gormless	category=adjective	type=reputation
бестолковый	english=gormless	category=adjective	type=reputation
пошел нахуй	english=go to hell	type=general
иди нахуй	english=go to hell	type=general
иди к черту	english=go to hell	type=general
ебать	english=humping	category=adjective	strength=medium
трахать	english=humping	category=adjective	strength=medium
ёбля	english=humping	category=adjective	strength=medium
ебля	english=humping	category=adjective	strength=medium
трахание	english=humping	category=adjective	strength=medium
невежда	english=ignorant	category=adjective	type=reputation
невежественный	english=ignorant	category=adjective	type=reputation
отвратительный	english=minging	category=adjective	strength=strong	type=general
глупый	english=moronic	category=adjective	type=reputation
жалкий	english=pathetic	category=adjective	type=general
хуй	english=penis	type=sexist	original=sexual
член	english=penis	type=sexist	original=sexual
пенис	english=penis	type=sexist	original=sexual
елдак	english=penis	type=sexist	original=sexual
черт возьми	english=phriggin	category=adjective	type=general
чертовски	english=phriggin	category=adjective	type=general
чертовски	english=phrigging	category=adjective	type=general
чертовски	english=phucken	category=adjective	type=general
чертовски	english=phuckin	category=adjective	type=general
чертовски	english=phucking	category=adjective	type=general
бесстрастный	english=po-faced	category=adjective	type=general
серьезный	english=po-faced	category=adjective	type=general
болезненный	english=poxy	category=adjective	type=general
неважный	english=poxy	category=adjective	type=general
дебил	english=prick	type=sexist	original=sexual
урод	english=prick	type=sexist	original=sexual
уроды	english=pricks	type=sexist	original=sexual
дебилы	english=pricks	type=sexist	original=sexual
рвота	english=puke	type=general
блевота	english=puke	type=general
завали ебало	english=shut up	type=general
умолкни	english=shut up	type=general
замолкни	english=shut up	type=general
заткнись	english=shut up	type=general
молчать	english=shut up	type=general
замолчать	english=shut up	type=general
заткнуться	english=shut up	type=general
глупый	english=silly	type=general
дурацкий	english=silly	type=general
снежок	english=silly	type=general
снежинка	english=snowflake	type=general
тупой	english=stupid	category=adjective	type=reputation
сисечки	english=tits	plural=true	type=sexist
дойка	english=tit	strength=medium	type=sexist
бидон	english=titties	type=sexist	origin=farrell
титька	english=tittie	type=sexist	origin=farrell
сиська	english=titty	type=sexist	origin=farrell
уродливые	english=ugly	type=general
некрасиво	english=ugly	type=general
безобразные	english=ugly	type=general
