я сам тебя убью	english=fucking kill you	physical=yes	threat=death	type=general
убью тебя	english=fucking kill you	physical=yes	threat=death	type=general
убить тебя	english=fucking kill you	physical=yes	threat=death	type=general
убил бы тебя	english=fucking kill you	physical=yes	threat=death	type=general
убил бы вас нахуй	english=fucking kill you	physical=yes	threat=death	type=general
ты превосходишь сам себя	english=you top yourself	physical=yes	threat=death	type=general
ты превосходишь сама себя	english=you top yourself	physical=yes	threat=death	type=general
наесться говна и умереть	english=eat shit and die	physical=yes	threat=death	type=general
наесться дерьма и умереть	english=eat shit and die	physical=yes	threat=death	type=general
я убью вас	english=i'll kill you	physical=yes	threat=death	type=general
я убью тебя	english=i'll kill you	physical=yes	threat=death	type=general
мозги вам вышибу	english=blow your brains out	physical=yes	threat=death	type=general
мозги тебе вышибу	english=blow your brains out	physical=yes	threat=death	type=general
вышибу вам мозги	english=blow your brains out	physical=yes	threat=death	type=general
вышибу тебе мозги	english=blow your brains out	physical=yes	threat=death	type=general
